// Jest Snapshot v1, https://goo.gl/fbAQLP

exports[`NoMatch should match the snapshot 1`] = `
ShallowWrapper {
  Symbol(enzyme.__root__): [Circular],
  Symbol(enzyme.__unrendered__): <NoMatch />,
  Symbol(enzyme.__renderer__): Object {
    "batchedUpdates": [Function],
    "getNode": [Function],
    "render": [Function],
    "simulateError": [Function],
    "simulateEvent": [Function],
    "unmount": [Function],
  },
  Symbol(enzyme.__node__): Object {
    "instance": null,
    "key": undefined,
    "nodeType": "host",
    "props": Object {
      "children": Array [
        <h3
          className="error-page"
        >
          404 Error
        </h3>,
        <NavLink
          activeClassName="active"
          aria-current="page"
          to="/"
        >
          Click here to return Home
        </NavLink>,
      ],
      "className": "four-o-four",
    },
    "ref": null,
    "rendered": Array [
      Object {
        "instance": null,
        "key": undefined,
        "nodeType": "host",
        "props": Object {
          "children": "404 Error",
          "className": "error-page",
        },
        "ref": null,
        "rendered": "404 Error",
        "type": "h3",
      },
      Object {
        "instance": null,
        "key": undefined,
        "nodeType": "function",
        "props": Object {
          "activeClassName": "active",
          "aria-current": "page",
          "children": "Click here to return Home",
          "to": "/",
        },
        "ref": null,
        "rendered": "Click here to return Home",
        "type": [Function],
      },
    ],
    "type": "section",
  },
  Symbol(enzyme.__nodes__): Array [
    Object {
      "instance": null,
      "key": undefined,
      "nodeType": "host",
      "props": Object {
        "children": Array [
          <h3
            className="error-page"
          >
            404 Error
          </h3>,
          <NavLink
            activeClassName="active"
            aria-current="page"
            to="/"
          >
            Click here to return Home
          </NavLink>,
        ],
        "className": "four-o-four",
      },
      "ref": null,
      "rendered": Array [
        Object {
          "instance": null,
          "key": undefined,
          "nodeType": "host",
          "props": Object {
            "children": "404 Error",
            "className": "error-page",
          },
          "ref": null,
          "rendered": "404 Error",
          "type": "h3",
        },
        Object {
          "instance": null,
          "key": undefined,
          "nodeType": "function",
          "props": Object {
            "activeClassName": "active",
            "aria-current": "page",
            "children": "Click here to return Home",
            "to": "/",
          },
          "ref": null,
          "rendered": "Click here to return Home",
          "type": [Function],
        },
      ],
      "type": "section",
    },
  ],
  Symbol(enzyme.__options__): Object {
    "adapter": ReactSixteenAdapter {
      "options": Object {
        "enableComponentDidUpdateOnSetState": true,
        "lifecycles": Object {
          "componentDidUpdate": Object {
            "onSetState": true,
          },
          "getDerivedStateFromProps": true,
          "getSnapshotBeforeUpdate": true,
          "setState": Object {
            "skipsComponentDidUpdateOnNullish": true,
          },
        },
      },
    },
  },
}
`;
